<?xml version="1.0" encoding="UTF-8"?>
<testsuites name="jest tests" tests="5" failures="0" time="3.614">
  <testsuite name="undefined" errors="0" failures="0" skipped="0" timestamp="2021-12-04T03:17:40" time="2.765" tests="5">
    <testcase classname=" Should Add item to cart" name=" Should Add item to cart" time="0.054">
    </testcase>
    <testcase classname=" Should Calculate correct price before selecting coupon" name=" Should Calculate correct price before selecting coupon" time="0.033">
    </testcase>
    <testcase classname=" Should calculate discounts on selecting a coupon" name=" Should calculate discounts on selecting a coupon" time="0.035">
    </testcase>
    <testcase classname=" Should recalculate prices when item is removed from cart" name=" Should recalculate prices when item is removed from cart" time="0.037">
    </testcase>
    <testcase classname=" Should recalculate prices when coupon is changed" name=" Should recalculate prices when coupon is changed" time="0.036">
    </testcase>
  </testsuite>
</testsuites>